// Jest Snapshot v1, https://goo.gl/fbAQLP

exports[`IndexPage renders correctly 1`] = `
<button
  onClick={[Function]}
  type="button"
>
  Report Feedback
</button>
`;
